[2026-09-30 15:45:26] [Exception] User: guest | IP: 127.0.0.1 | URI: CLI/Unknown
Exception: Exception: Simulated test database failure exception in C:\xampp\htdocs\sinalhan-hc-system\scratch\test_error_handler.php:20
Stack Trace:
#0 {main}
--------------------------------------------------------------------------------
[2026-10-01 14:30:12] [PDOException] User: admin | IP: ::1 | URI: /sinalhan-hc-system/public/archive?tab=patients
Exception: PDOException: SQLSTATE[42S22]: Column not found: 1054 Unknown column 'vs.blood_pressure' in 'field list' in C:\xampp\htdocs\sinalhan-hc-system\app\Models\Consultation.php:266
Stack Trace:
#0 C:\xampp\htdocs\sinalhan-hc-system\app\Models\Consultation.php(266): PDO->prepare('SELECT c.*, p.p...')
#1 C:\xampp\htdocs\sinalhan-hc-system\app\Controllers\PatientController.php(393): App\Models\Consultation->allArchived(Array)
#2 [internal function]: App\Controllers\PatientController->archivedIndex()
#3 C:\xampp\htdocs\sinalhan-hc-system\app\Core\Router.php(89): call_user_func_array(Array, Array)
#4 C:\xampp\htdocs\sinalhan-hc-system\public\index.php(64): App\Core\Router->dispatch('/sinalhan-hc-sy...', 'GET')
#5 {main}
--------------------------------------------------------------------------------
[2026-10-01 14:32:06] [ErrorException] User: admin | IP: ::1 | URI: /sinalhan-hc-system/public/archive?tab=patients
Exception: ErrorException: Undefined array key "quantity" in C:\xampp\htdocs\sinalhan-hc-system\app\Views\archive\patients.php:297
Stack Trace:
#0 C:\xampp\htdocs\sinalhan-hc-system\app\Views\archive\patients.php(297): App\Core\ErrorHandler::handleError(2, 'Undefined array...', 'C:\\xampp\\htdocs...', 297)
#1 [internal function]: App\Core\Controller->{closure}(Array)
#2 C:\xampp\htdocs\sinalhan-hc-system\app\Views\archive\patients.php(293): array_map(Object(Closure), Array)
#3 C:\xampp\htdocs\sinalhan-hc-system\app\Core\Controller.php(17): require('C:\\xampp\\htdocs...')
#4 C:\xampp\htdocs\sinalhan-hc-system\app\Controllers\PatientController.php(421): App\Core\Controller->view('archive/patient...', Array)
#5 [internal function]: App\Controllers\PatientController->archivedIndex()
#6 C:\xampp\htdocs\sinalhan-hc-system\app\Core\Router.php(89): call_user_func_array(Array, Array)
#7 C:\xampp\htdocs\sinalhan-hc-system\public\index.php(64): App\Core\Router->dispatch('/sinalhan-hc-sy...', 'GET')
#8 {main}
--------------------------------------------------------------------------------
[2026-10-01 14:33:19] [ErrorException] User: admin | IP: ::1 | URI: /sinalhan-hc-system/public/archive?tab=patients
Exception: ErrorException: Undefined array key "quantity" in C:\xampp\htdocs\sinalhan-hc-system\app\Views\archive\patients.php:297
Stack Trace:
#0 C:\xampp\htdocs\sinalhan-hc-system\app\Views\archive\patients.php(297): App\Core\ErrorHandler::handleError(2, 'Undefined array...', 'C:\\xampp\\htdocs...', 297)
#1 [internal function]: App\Core\Controller->{closure}(Array)
#2 C:\xampp\htdocs\sinalhan-hc-system\app\Views\archive\patients.php(293): array_map(Object(Closure), Array)
#3 C:\xampp\htdocs\sinalhan-hc-system\app\Core\Controller.php(17): require('C:\\xampp\\htdocs...')
#4 C:\xampp\htdocs\sinalhan-hc-system\app\Controllers\PatientController.php(421): App\Core\Controller->view('archive/patient...', Array)
#5 [internal function]: App\Controllers\PatientController->archivedIndex()
#6 C:\xampp\htdocs\sinalhan-hc-system\app\Core\Router.php(89): call_user_func_array(Array, Array)
#7 C:\xampp\htdocs\sinalhan-hc-system\public\index.php(64): App\Core\Router->dispatch('/sinalhan-hc-sy...', 'GET')
#8 {main}
--------------------------------------------------------------------------------
[2026-10-02 23:19:08] [ErrorException] User: admin | IP: 192.168.1.197 | URI: /sinalhan-hc-system/public/patients/1
Exception: ErrorException: Undefined array key "date_administered" in C:\xampp\htdocs\sinalhan-hc-system\app\Views\patients\partials\tab_ihp.php:570
Stack Trace:
#0 C:\xampp\htdocs\sinalhan-hc-system\app\Views\patients\partials\tab_ihp.php(570): App\Core\ErrorHandler::handleError(2, 'Undefined array...', 'C:\\xampp\\htdocs...', 570)
#1 C:\xampp\htdocs\sinalhan-hc-system\app\Views\patients\show.php(174): require('C:\\xampp\\htdocs...')
#2 C:\xampp\htdocs\sinalhan-hc-system\app\Core\Controller.php(17): require('C:\\xampp\\htdocs...')
#3 C:\xampp\htdocs\sinalhan-hc-system\app\Controllers\PatientController.php(217): App\Core\Controller->view('patients/show', Array)
#4 [internal function]: App\Controllers\PatientController->show('1')
#5 C:\xampp\htdocs\sinalhan-hc-system\app\Core\Router.php(89): call_user_func_array(Array, Array)
#6 C:\xampp\htdocs\sinalhan-hc-system\public\index.php(64): App\Core\Router->dispatch('/sinalhan-hc-sy...', 'GET')
#7 {main}
--------------------------------------------------------------------------------
[2026-10-02 23:19:40] [ErrorException] User: admin | IP: ::1 | URI: /sinalhealth/public/patients/1
Exception: ErrorException: Undefined array key "date_administered" in C:\xampp\htdocs\sinalhan-hc-system\app\Views\patients\partials\tab_ihp.php:570
Stack Trace:
#0 C:\xampp\htdocs\sinalhan-hc-system\app\Views\patients\partials\tab_ihp.php(570): App\Core\ErrorHandler::handleError(2, 'Undefined array...', 'C:\\xampp\\htdocs...', 570)
#1 C:\xampp\htdocs\sinalhan-hc-system\app\Views\patients\show.php(174): require('C:\\xampp\\htdocs...')
#2 C:\xampp\htdocs\sinalhan-hc-system\app\Core\Controller.php(17): require('C:\\xampp\\htdocs...')
#3 C:\xampp\htdocs\sinalhan-hc-system\app\Controllers\PatientController.php(217): App\Core\Controller->view('patients/show', Array)
#4 [internal function]: App\Controllers\PatientController->show('1')
#5 C:\xampp\htdocs\sinalhan-hc-system\app\Core\Router.php(89): call_user_func_array(Array, Array)
#6 c:\xampp\htdocs\sinalhan-hc-system\public\index.php(64): App\Core\Router->dispatch('/sinalhealth/pu...', 'GET')
#7 {main}
--------------------------------------------------------------------------------
[2026-10-04 14:20:49] [ErrorException] User: admin | IP: ::1 | URI: /sinalhan-hc-system/public/well-baby
Exception: ErrorException: Undefined array key "prominent" in C:\xampp\htdocs\sinalhan-hc-system\app\Views\wellbaby\index.php:216
Stack Trace:
#0 C:\xampp\htdocs\sinalhan-hc-system\app\Views\wellbaby\index.php(216): App\Core\ErrorHandler::handleError(2, 'Undefined array...', 'C:\\xampp\\htdocs...', 216)
#1 C:\xampp\htdocs\sinalhan-hc-system\app\Core\Controller.php(17): require('C:\\xampp\\htdocs...')
#2 C:\xampp\htdocs\sinalhan-hc-system\app\Controllers\WellbabyController.php(39): App\Core\Controller->view('wellbaby/index', Array)
#3 [internal function]: App\Controllers\WellbabyController->index()
#4 C:\xampp\htdocs\sinalhan-hc-system\app\Core\Router.php(89): call_user_func_array(Array, Array)
#5 C:\xampp\htdocs\sinalhan-hc-system\public\index.php(64): App\Core\Router->dispatch('/sinalhan-hc-sy...', 'GET')
#6 {main}
--------------------------------------------------------------------------------
[2026-10-04 14:21:44] [ErrorException] User: admin | IP: ::1 | URI: /sinalhan-hc-system/public/well-baby/336
Exception: ErrorException: Undefined array key "prominent" in C:\xampp\htdocs\sinalhan-hc-system\app\Views\wellbaby\show.php:110
Stack Trace:
#0 C:\xampp\htdocs\sinalhan-hc-system\app\Views\wellbaby\show.php(110): App\Core\ErrorHandler::handleError(2, 'Undefined array...', 'C:\\xampp\\htdocs...', 110)
#1 C:\xampp\htdocs\sinalhan-hc-system\app\Core\Controller.php(17): require('C:\\xampp\\htdocs...')
#2 C:\xampp\htdocs\sinalhan-hc-system\app\Controllers\WellbabyController.php(274): App\Core\Controller->view('wellbaby/show', Array)
#3 [internal function]: App\Controllers\WellbabyController->show('336')
#4 C:\xampp\htdocs\sinalhan-hc-system\app\Core\Router.php(89): call_user_func_array(Array, Array)
#5 C:\xampp\htdocs\sinalhan-hc-system\public\index.php(64): App\Core\Router->dispatch('/sinalhan-hc-sy...', 'GET')
#6 {main}
--------------------------------------------------------------------------------
[2026-10-04 14:55:23] [PDOException] User: admin | IP: ::1 | URI: /sinalhealth/public/well-baby/register
Exception: PDOException: SQLSTATE[HY093]: Invalid parameter number in C:\xampp\htdocs\sinalhan-hc-system\app\Models\Patient.php:695
Stack Trace:
#0 C:\xampp\htdocs\sinalhan-hc-system\app\Models\Patient.php(695): PDOStatement->execute(Array)
#1 C:\xampp\htdocs\sinalhan-hc-system\app\Controllers\WellbabyController.php(206): App\Models\Patient->findMatchingMother('Alyssa Enriquez', '1982-05-20')
#2 [internal function]: App\Controllers\WellbabyController->store()
#3 C:\xampp\htdocs\sinalhan-hc-system\app\Core\Router.php(89): call_user_func_array(Array, Array)
#4 c:\xampp\htdocs\sinalhan-hc-system\public\index.php(64): App\Core\Router->dispatch('/sinalhealth/pu...', 'POST')
#5 {main}
--------------------------------------------------------------------------------
